0 verbose cli /Users/jinho/.nvm/versions/node/v24.11.0/bin/node /Users/jinho/.nvm/versions/node/v24.11.0/lib/node_modules/npm/bin/npm-cli.js
1 info using npm@11.6.1
2 info using node@v24.11.0
3 silly config load:file:/Users/jinho/.nvm/versions/node/v24.11.0/lib/node_modules/npm/npmrc
4 silly config load:file:/Users/jinho/Github/reptile/.npmrc
5 silly config load:file:/Users/jinho/.npmrc
6 silly config load:file:/Users/jinho/.nvm/versions/node/v24.11.0/etc/npmrc
7 verbose title npm exec create-next-app@latest /tmp/reptile-setup --typescript --tailwind --eslint --app --src-dir --import-alias @/* --use-npm --no-git
8 verbose argv "exec" "--yes" "--" "create-next-app@latest" "/tmp/reptile-setup" "--typescript" "--tailwind" "--eslint" "--app" "--src-dir" "--import-alias" "@/*" "--use-npm" "--no-git"
9 verbose logfile logs-max:10 dir:/Users/jinho/Github/reptile/.npm-cache/_logs/2026-01-30T07_55_37_497Z-
10 verbose logfile /Users/jinho/Github/reptile/.npm-cache/_logs/2026-01-30T07_55_37_497Z-debug-0.log
11 silly logfile done cleaning log files
12 silly packumentCache heap:4496293888 maxSize:1124073472 maxEntrySize:562036736
13 http fetch GET 200 https://registry.npmjs.org/create-next-app 4464ms (cache revalidated)
14 silly packumentCache heap:4496293888 maxSize:1124073472 maxEntrySize:562036736
15 silly packumentCache heap:4496293888 maxSize:1124073472 maxEntrySize:562036736
16 verbose cwd /Users/jinho/Github/reptile
17 verbose os Darwin 25.2.0
18 verbose node v24.11.0
19 verbose npm  v11.6.1
20 verbose exit 0
21 info ok
